// Jest Snapshot v1, https://goo.gl/fbAQLP

exports[`NavBar renders a snapshot properly 1`] = `
<div>
  <div
    className="name"
  />
  <nav
    className="fixed-nav-bar"
    id="myTopnav"
  >
    <div>
      <button
        className="icon"
        id="hamburger"
        onClick={[Function]}
      >
        <i
          className="glyphicon glyphicon-menu-hamburger"
        />
      </button>
      <button
        id="hamburger"
        onClick={[Function]}
      >
        <i
          className="glyphicon glyphicon-menu-hamburger"
        />
      </button>
      <a
        className="active"
        href="/"
      >
        Home
      </a>
      <a
        href="/about"
      >
        About
      </a>
      <a
        href="/register"
      >
        Register
      </a>
      <a
        href="/login"
      >
        Log In
      </a>
    </div>
    <div
      id="navbar-brand"
      onClick={[Function]}
    >
       RecipeDog
    </div>
    <button
      className="icon"
      id="navbar-search"
      onClick={[Function]}
    >
      <i
        className="glyphicon glyphicon-search"
      />
    </button>
  </nav>
</div>
`;
